// Jest Snapshot v1, https://goo.gl/fbAQLP

exports[`<Map /> render renders correctly with full information 1`] = `
<div
  id="map"
  style={
    Object {
      "height": "100%",
      "width": "100%",
    }
  }
/>
`;
