// Jest Snapshot v1, https://goo.gl/fbAQLP

exports[`PrivateRoute /> render renders correctly with authorizationStatus = AUTH 1`] = `null`;

exports[`PrivateRoute /> render renders correctly with authorizationStatus = NO_AUTH 1`] = `null`;
